// Jest Snapshot v1, https://goo.gl/fbAQLP

exports[`Components Header should render 1`] = `
<section class="jumbotron text-center"><div class="container"><h1 class="jumbotron-heading">The Microlessons community</h1><p class="lead text-muted">Learn anything quickly with one on one instruction. Teach others and earn. All with crypto currencies.</p><p><a href="#" class="btn btn-primary my-2">Get Started</a><a href="#" class="btn btn-secondary my-2">Learn more</a></p></div></section>
`;
