// Jest Snapshot v1, https://goo.gl/fbAQLP

exports[`Components Header should render 1`] = `
<div class="container d-flex justify-content-between"><a href="#" class="navbar-brand d-flex align-items-center"><svg xmlns="http://www.w3.org/2000/svg" width="20" height="20" viewBox="0 0 24 24" fill="none" stroke="currentColor" stroke-width="2" stroke-linecap="round" stroke-linejoin="round" class="mr-2"><path d="/assets/lightbulb.jpe"></path><circle cx="12" cy="13" r="4"></circle></svg><strong>illuminate</strong></a><button class="navbar-toggler" type="button" data-toggle="collapse" data-target="#navbarHeader" aria-controls="navbarHeader" aria-expanded="false" aria-label="Toggle navigation"><span class="navbar-toggler-icon"></span></button></div>
`;
